// Jest Snapshot v1, https://goo.gl/fbAQLP

exports[`Testing <App/> Testing snapshot & state App have render correctly 1`] = `ShallowWrapper {}`;

exports[`Testing <Label/> App have render correctly 1`] = `ShallowWrapper {}`;

exports[`Testing <Label/> Testing snapshot & state App have render correctly 1`] = `ShallowWrapper {}`;
